2020-10-25 11:23:09 INFO  NewEmployeeController:51 - Successfully added employee phil22
2020-10-25 11:26:17 INFO  NewEmployeeController:51 - Successfully added employee phil22
2020-10-25 11:42:02 INFO  NewEmployeeController:51 - Successfully added employee phil22
2020-10-25 11:43:32 INFO  NewEmployeeController:51 - Successfully added employee phil22
2020-10-25 11:53:58 INFO  NewEmployeeController:51 - Successfully added employee nath22
2020-10-25 12:05:11 INFO  NewEmployeeController:51 - Successfully added employee nath22
2020-10-25 12:06:48 INFO  NewEmployeeController:51 - Successfully added employee nath22
2020-10-25 12:13:37 INFO  NewEmployeeController:51 - Successfully added employee nath22
2020-10-25 12:25:55 INFO  NewEmployeeController:51 - Successfully added employee nath22
2020-10-25 12:27:18 INFO  NewEmployeeController:51 - Successfully added employee nath22
2020-10-25 12:29:05 INFO  NewEmployeeController:51 - Successfully added employee nath22
2020-10-25 13:05:14 INFO  NewEmployeeController:51 - Successfully added employee nath22
2020-10-26 20:14:43 INFO  LoginController:47 - emp1 logged in.
2020-10-26 20:16:18 INFO  ReimbursementController:41 - A new reimbursement was made by the user with user ID 2
2020-10-26 20:16:41 INFO  LoginController:47 - emp1 logged in.
2020-10-26 20:17:08 INFO  LoginController:71 - man1 logged in.
2020-10-26 20:17:53 INFO  LoginController:47 - emp1 logged in.
2020-10-26 20:19:46 INFO  LoginController:47 - emp1 logged in.
2020-10-26 20:25:04 INFO  LoginController:47 - emp1 logged in.
2020-10-26 20:26:06 INFO  LoginController:47 - emp1 logged in.
2020-10-26 20:28:21 INFO  LoginController:47 - emp1 logged in.
2020-10-26 20:28:29 INFO  LoginController:47 - emp1 logged in.
2020-10-26 20:30:08 INFO  LoginController:47 - emp1 logged in.
2020-10-26 20:31:07 INFO  LoginController:47 - emp1 logged in.
2020-10-26 20:33:12 INFO  LoginController:47 - emp1 logged in.
2020-10-26 20:34:07 INFO  LoginController:47 - emp1 logged in.
2020-10-26 20:35:39 INFO  ReimbursementController:41 - A new reimbursement was made by the user with user ID 2
2020-10-26 20:46:16 INFO  LoginController:71 - man1 logged in.
2020-10-28 07:07:29 INFO  LoginController:47 - emp1 logged in.
2020-10-28 07:08:16 INFO  ReimbursementController:41 - A new reimbursement was made by the user with user ID 2
2020-10-28 07:14:26 INFO  LoginController:47 - emp1 logged in.
2020-10-28 07:14:41 INFO  ReimbursementController:41 - A new reimbursement was made by the user with user ID 2
2020-10-28 07:16:05 INFO  LoginController:47 - emp1 logged in.
2020-10-28 07:20:14 INFO  LoginController:47 - emp1 logged in.
2020-10-28 07:22:53 INFO  LoginController:47 - emp1 logged in.
2020-10-28 07:23:33 INFO  ReimbursementController:41 - A new reimbursement was made by the user with user ID 2
2020-10-28 07:25:51 INFO  LoginController:47 - emp1 logged in.
2020-10-28 07:28:31 INFO  LoginController:47 - emp1 logged in.
2020-10-28 07:29:06 INFO  LoginController:47 - emp1 logged in.
2020-10-28 07:29:42 INFO  LoginController:47 - emp1 logged in.
2020-10-28 07:30:37 INFO  LoginController:47 - emp1 logged in.
2020-10-28 07:34:48 INFO  LoginController:47 - emp1 logged in.
2020-10-28 07:35:46 INFO  ReimbursementController:41 - A new reimbursement was made by the user with user ID 2
2020-10-28 07:42:40 INFO  LoginController:47 - emp1 logged in.
2020-10-28 07:43:15 INFO  ReimbursementController:41 - A new reimbursement was made by the user with user ID 2
2020-10-28 07:44:21 INFO  LoginController:70 - man1 logged in.
2020-10-28 07:54:04 INFO  LoginController:70 - man1 logged in.
2020-10-28 07:55:06 INFO  LoginController:70 - man1 logged in.
2020-10-28 07:56:00 INFO  LoginController:70 - man1 logged in.
2020-10-28 07:57:58 INFO  LoginController:70 - man1 logged in.
2020-10-28 07:59:00 INFO  LoginController:70 - man1 logged in.
2020-10-28 08:01:10 INFO  LoginController:70 - man1 logged in.
2020-10-28 08:03:25 INFO  LoginController:70 - man1 logged in.
2020-10-28 08:05:12 INFO  LoginController:70 - man1 logged in.
2020-10-28 08:09:47 INFO  LoginController:47 - emp1 logged in.
2020-10-28 08:10:44 INFO  LoginController:70 - man1 logged in.
2020-10-28 08:11:32 INFO  LoginController:47 - emp1 logged in.
2020-10-28 08:11:51 INFO  LoginController:70 - man1 logged in.
2020-10-28 08:13:29 INFO  LoginController:70 - man1 logged in.
2020-10-28 08:23:35 INFO  LoginController:70 - man1 logged in.
2020-10-28 08:25:24 INFO  LoginController:70 - man1 logged in.
2020-10-28 08:43:12 INFO  LoginController:70 - man1 logged in.
2020-10-28 08:45:00 INFO  LoginController:70 - man1 logged in.
2020-10-28 08:45:41 INFO  LoginController:70 - man1 logged in.
2020-10-28 08:49:39 INFO  LoginController:70 - man1 logged in.
2020-10-28 08:55:14 INFO  LoginController:70 - man1 logged in.
2020-10-28 09:00:01 INFO  LoginController:70 - man1 logged in.
2020-10-28 09:02:44 INFO  LoginController:70 - man1 logged in.
2020-10-28 09:03:33 INFO  LoginController:70 - man1 logged in.
2020-10-28 09:05:39 INFO  LoginController:70 - man1 logged in.
2020-10-28 09:07:11 INFO  LoginController:47 - emp1 logged in.
2020-10-28 09:07:23 INFO  LoginController:70 - man1 logged in.
2020-10-28 09:11:43 INFO  LoginController:47 - emp1 logged in.
2020-10-28 09:12:05 INFO  LoginController:70 - man1 logged in.
2020-10-28 09:13:15 INFO  LoginController:70 - man1 logged in.
2020-10-28 09:13:36 INFO  LoginController:47 - emp1 logged in.
2020-10-28 09:14:53 INFO  LoginController:70 - man1 logged in.
2020-10-28 09:18:34 INFO  LoginController:70 - man1 logged in.
2020-10-28 09:24:55 INFO  LoginController:70 - man1 logged in.
2020-10-28 09:30:19 INFO  LoginController:70 - man1 logged in.
2020-10-28 09:33:33 INFO  LoginController:70 - man1 logged in.
2020-10-28 09:39:25 INFO  LoginController:47 - emp1 logged in.
2020-10-28 09:39:43 INFO  ReimbursementController:41 - A new reimbursement was made by the user with user ID 2
2020-10-28 09:39:55 INFO  LoginController:70 - man1 logged in.
2020-10-28 09:40:20 INFO  LoginController:47 - emp1 logged in.
2020-10-28 09:40:43 INFO  LoginController:70 - man1 logged in.
2020-10-28 09:42:08 INFO  LoginController:70 - man1 logged in.
2020-10-28 09:42:36 INFO  LoginController:70 - man1 logged in.
2020-10-28 09:43:25 INFO  NewEmployeeController:57 - Successfully added employee bravo2
2020-10-28 09:43:47 INFO  LoginController:47 - bravo2 logged in.
2020-10-28 09:43:58 INFO  ReimbursementController:41 - A new reimbursement was made by the user with user ID 7
